// Jest Snapshot v1, https://goo.gl/fbAQLP

exports[`<Loading /> spanshot matches 1`] = `
<div>
  <div
    class="loading"
    data-testid="loading"
  >
    <svg>
      circles.svg
    </svg>
  </div>
</div>
`;
